[r.mobirisesite.com/718031/assets/images/gf5241c4fc5e040503c4fbb75a895-h_m1de1zba.jpg]
[backblue.gif]
[fade.gif]
[index.html]
[r.mobirisesite.com/718031/assets/web/assets/mobirise-icons2/mobirise2df1b.css]
[r.mobirisesite.com/718031/assets/web/assets/mobirise-icons/mobirise-iconsdf1b.css]
[r.mobirisesite.com/718031/assets/bootstrap/css/bootstrap.mindf1b.css]
[r.mobirisesite.com/718031/assets/bootstrap/css/bootstrap-grid.mindf1b.css]
[r.mobirisesite.com/718031/assets/bootstrap/css/bootstrap-reboot.mindf1b.css]
[r.mobirisesite.com/718031/assets/parallax/jarallaxdf1b.css]
[r.mobirisesite.com/718031/assets/dropdown/css/styledf1b.css]
[r.mobirisesite.com/718031/assets/animatecss/animatedf1b.css]
[r.mobirisesite.com/718031/assets/socicon/css/stylesdf1b.css]
[r.mobirisesite.com/718031/assets/theme/css/styledf1b.css]
[r.mobirisesite.com/718031/assets/css/mbr-additionaldf1b.css]
[r.mobirisesite.com/718031/assets/images/photo-1614270532523-e1978d1f3716.jpg]
[r.mobirisesite.com/718031/assets/images/photo-1596421250711-9ec0ef9cbba3.jpg]
[r.mobirisesite.com/718031/assets/images/photo-1594296306217-9a2e249baaf1.jpg]
[r.mobirisesite.com/718031/assets/images/photo-1493225457124-a3eb161ffa5f.jpg]
[r.mobirisesite.com/718031/assets/images/photo-1651044450619-5ce74d316987.jpg]
[r.mobirisesite.com/718031/assets/images/photo-1596622723231-b20320c7346b.jpg]
[r.mobirisesite.com/718031/assets/images/photo-1502828331539-51c709e80300.jpg]
[r.mobirisesite.com/718031/assets/images/photo-1617727553252-65863c156eb0.jpg]
[r.mobirisesite.com/718031/assets/images/photo-1554463529-e27854014799.jpg]
[r.mobirisesite.com/718031/assets/images/ge4a42443fb6fbb1c315bd646a592-h_m1df8jly.jpg]
[r.mobirisesite.com/718031/assets/images/shop2b82c.jpg]
[r.mobirisesite.com/718031/assets/images/shop3b82c.jpg]
[r.mobirisesite.com/718031/assets/images/shop1b82c.jpg]
[r.mobirisesite.com/718031/assets/images/ge4e3d67751c572e2722d8f489c7e-h_m1di34me.jpg]
[r.mobirisesite.com/718031/assets/images/gallery03b82c.jpg]
[r.mobirisesite.com/718031/assets/images/photo-1484494789010-20fc1a011197.jpg]
[r.mobirisesite.com/718031/assets/images/photo-1617184003107-0df15fea4903.jpg]
[r.mobirisesite.com/718031/assets/images/photo-1500293669-115211273e5c.jpg]
[r.mobirisesite.com/718031/assets/images/photo-1468234560893-89c00b6385c8.jpg]
[r.mobirisesite.com/718031/assets/images/photo-1506157786151-b8491531f063.jpg]
[r.mobirisesite.com/718031/assets/images/photo-1489993360877-883980cc7333.jpg]
[r.mobirisesite.com/718031/assets/images/photo-1605302977593-fe0329b1effd.jpg]
[r.mobirisesite.com/718031/assets/images/photo-1533174072545-7a4b6ad7a6c3.jpg]
[r.mobirisesite.com/718031/assets/web/assets/jquery/jquery.mindf1b.js]
[r.mobirisesite.com/718031/assets/bootstrap/js/bootstrap.bundle.mindf1b.js]
[r.mobirisesite.com/718031/assets/parallax/jarallaxdf1b.js]
[r.mobirisesite.com/718031/assets/smoothscroll/smooth-scrolldf1b.js]
[r.mobirisesite.com/718031/assets/ytplayer/indexdf1b.js]
[r.mobirisesite.com/718031/assets/dropdown/js/navbar-dropdowndf1b.js]
[r.mobirisesite.com/718031/assets/scrollgallery/scroll-gallerydf1b.js]
[r.mobirisesite.com/718031/assets/vimeoplayer/playerdf1b.js]
[r.mobirisesite.com/718031/assets/theme/js/scriptdf1b.js]
[718031.mobirisesite.com/index.html]
[r.mobirisesite.com/718031/assets/formoid/formoid.mindf1b.js]
[r.mobirisesite.com/718031/assets/web/assets/mobirise-icons2/mobirise21e04.eot]
[r.mobirisesite.com/718031/assets/web/assets/mobirise-icons2/mobirise21e04.ttf]
[r.mobirisesite.com/718031/assets/web/assets/mobirise-icons2/mobirise21e04.woff]
[r.mobirisesite.com/718031/assets/web/assets/mobirise-icons2/mobirise2df1b.css]
[r.mobirisesite.com/718031/assets/web/assets/mobirise-icons2/mobirise21e04.svg]
[r.mobirisesite.com/718031/assets/web/assets/mobirise-icons/mobirise-icons0e1c.eot]
[r.mobirisesite.com/718031/assets/web/assets/mobirise-icons/mobirise-icons0e1c.ttf]
[r.mobirisesite.com/718031/assets/web/assets/mobirise-icons/mobirise-icons0e1c.woff]
[r.mobirisesite.com/718031/assets/web/assets/mobirise-icons/mobirise-iconsdf1b.css]
[r.mobirisesite.com/718031/assets/bootstrap/css/bootstrap.mindf1b.css]
[r.mobirisesite.com/718031/assets/bootstrap/css/bootstrap-grid.mindf1b.css]
[r.mobirisesite.com/718031/assets/bootstrap/css/bootstrap-reboot.mindf1b.css]
[r.mobirisesite.com/718031/assets/parallax/jarallaxdf1b.css]
[r.mobirisesite.com/718031/assets/dropdown/css/styledf1b.css]
[r.mobirisesite.com/718031/assets/animatecss/animatedf1b.css]
[r.mobirisesite.com/718031/assets/socicon/css/stylesdf1b.css]
[r.mobirisesite.com/718031/assets/theme/css/styledf1b.css]
[r.mobirisesite.com/718031/assets/web/assets/mobirise-icons/mobirise-icons0e1c.svg]
[r.mobirisesite.com/718031/assets/images/g7310bb38cdb38dfba8403c370407-h_m1dix079.jpg]
[r.mobirisesite.com/718031/assets/images/team15863.jpg]
[r.mobirisesite.com/718031/assets/images/team25863.jpg]
[r.mobirisesite.com/718031/assets/images/team3fc64.jpg]
[r.mobirisesite.com/718031/assets/images/team4fc64.jpg]
[r.mobirisesite.com/718031/assets/images/background1fc64.jpg]
[r.mobirisesite.com/718031/assets/images/photo-1505842465776-3b4953ca4f44.jpg]
[r.mobirisesite.com/718031/assets/css/mbr-additionaldf1b.css]
[r.mobirisesite.com/718031/assets/web/assets/mobirise-icons2/mobirise2a704.css]
[r.mobirisesite.com/718031/assets/bootstrap/css/bootstrap.mina704.css]
[r.mobirisesite.com/718031/assets/bootstrap/css/bootstrap-grid.mina704.css]
[r.mobirisesite.com/718031/assets/bootstrap/css/bootstrap-reboot.mina704.css]
[r.mobirisesite.com/718031/assets/parallax/jarallaxa704.css]
[r.mobirisesite.com/718031/assets/dropdown/css/stylea704.css]
[r.mobirisesite.com/718031/assets/animatecss/animatea704.css]
[r.mobirisesite.com/718031/assets/socicon/css/stylesa704.css]
[r.mobirisesite.com/718031/assets/theme/css/stylea704.css]
[r.mobirisesite.com/718031/assets/gallery/stylea704.css]
[r.mobirisesite.com/718031/assets/css/mbr-additionala704.css]
[r.mobirisesite.com/718031/assets/images/gallery01b0a1.jpg]
[r.mobirisesite.com/718031/assets/images/gallery02b0a1.jpg]
[r.mobirisesite.com/718031/assets/images/gallery04b0a1.jpg]
[r.mobirisesite.com/718031/assets/images/gallery10b0a1.jpg]
[r.mobirisesite.com/718031/assets/images/gallery05b0a1.jpg]
[r.mobirisesite.com/718031/assets/images/gallery06b0a1.jpg]
[r.mobirisesite.com/718031/assets/images/gallery07b0a1.jpg]
[r.mobirisesite.com/718031/assets/images/photo-1579041925709-798d7d0fed1d.jpg]
[r.mobirisesite.com/718031/assets/images/photo-1617184003108-692a95e2d496.jpg]
[r.mobirisesite.com/718031/assets/images/photo-1622278803442-eea858da4b17.jpg]
[r.mobirisesite.com/718031/assets/images/photo-1590906424086-3dbc808fd54b.jpg]
[r.mobirisesite.com/718031/assets/images/photo-1492684223066-81342ee5ff30.jpg]
[r.mobirisesite.com/718031/assets/images/photo-1658335786123-b4b2b56a8c1d.jpg]
[r.mobirisesite.com/718031/assets/images/photo-1598992616139-5ed3d0fa4eeb.jpg]
[r.mobirisesite.com/718031/assets/images/photo-1621624666561-84d0107001dc.jpg]
[r.mobirisesite.com/718031/assets/images/photo-1592669546196-bb70d4f16dd7.jpg]
[r.mobirisesite.com/718031/assets/images/gallery13b6c3.jpg]
[r.mobirisesite.com/718031/assets/images/gallery08b6c3.jpg]
[r.mobirisesite.com/app/themes/startm5/components/_images/gallery/gallery03a704.jpg]
[r.mobirisesite.com/app/themes/startm5/components/_images/gallery/gallery13a704.jpg]
[r.mobirisesite.com/app/themes/startm5/components/_images/gallery/gallery10a704.jpg]
[r.mobirisesite.com/app/themes/startm5/components/_images/gallery/gallery08a704.jpg]
[r.mobirisesite.com/app/themes/startm5/components/_images/gallery/gallery06a704.jpg]
[r.mobirisesite.com/app/themes/startm5/components/_images/gallery/gallery02a704.jpg]
[r.mobirisesite.com/app/themes/startm5/components/_images/gallery/gallery01a704.jpg]
[r.mobirisesite.com/app/themes/startm5/components/_images/gallery/gallery04a704.jpg]
[r.mobirisesite.com/app/themes/startm5/components/_images/gallery/gallery05a704.jpg]
[r.mobirisesite.com/app/themes/startm5/components/_images/gallery/gallery07a704.jpg]
[r.mobirisesite.com/718031/assets/web/assets/jquery/jquery.mina704.js]
[r.mobirisesite.com/718031/assets/bootstrap/js/bootstrap.bundle.mina704.js]
[r.mobirisesite.com/718031/assets/parallax/jarallaxa704.js]
[r.mobirisesite.com/718031/assets/smoothscroll/smooth-scrolla704.js]
[r.mobirisesite.com/718031/assets/ytplayer/indexa704.js]
[r.mobirisesite.com/718031/assets/dropdown/js/navbar-dropdowna704.js]
[r.mobirisesite.com/718031/assets/scrollgallery/scroll-gallerya704.js]
[r.mobirisesite.com/718031/assets/vimeoplayer/playera704.js]
[r.mobirisesite.com/718031/assets/masonry/masonry.pkgd.mina704.js]
[r.mobirisesite.com/718031/assets/imagesloaded/imagesloaded.pkgd.mina704.js]
[r.mobirisesite.com/718031/assets/theme/js/scripta704.js]
[r.mobirisesite.com/718031/assets/gallery/player.mina704.js]
[r.mobirisesite.com/718031/assets/gallery/scripta704.js]
[718031.mobirisesite.com/gallery.html]
[r.mobirisesite.com/718031/assets/mbr-switch-arrow/mbr-switch-arrowdf1b.js]
[r.mobirisesite.com/718031/assets/formoid/formoid.mina704.js]
[r.mobirisesite.com/718031/assets/web/assets/mobirise-icons2/mobirise21e04.svg]
[r.mobirisesite.com/718031/assets/web/assets/mobirise-icons/mobirise-icons0e1c.svg]
[r.mobirisesite.com/718031/assets/web/assets/mobirise-icons2/mobirise2a704.css]
[r.mobirisesite.com/718031/assets/bootstrap/css/bootstrap.mina704.css]
[r.mobirisesite.com/718031/assets/bootstrap/css/bootstrap-grid.mina704.css]
[r.mobirisesite.com/718031/assets/bootstrap/css/bootstrap-reboot.mina704.css]
[r.mobirisesite.com/718031/assets/parallax/jarallaxa704.css]
[r.mobirisesite.com/718031/assets/dropdown/css/stylea704.css]
[r.mobirisesite.com/718031/assets/animatecss/animatea704.css]
[r.mobirisesite.com/718031/assets/socicon/css/stylesa704.css]
[r.mobirisesite.com/718031/assets/theme/css/stylea704.css]
[r.mobirisesite.com/718031/assets/gallery/stylea704.css]
[r.mobirisesite.com/718031/assets/css/mbr-additionala704.css]
[r.mobirisesite.com/app/themes/startm5/components/_images/gallery/gallery03a704.html]
[r.mobirisesite.com/app/themes/startm5/components/_images/gallery/gallery13a704.html]
[r.mobirisesite.com/app/themes/startm5/components/_images/gallery/gallery10a704.html]
[r.mobirisesite.com/app/themes/startm5/components/_images/gallery/gallery08a704.html]
[r.mobirisesite.com/app/themes/startm5/components/_images/gallery/gallery06a704.html]
[r.mobirisesite.com/app/themes/startm5/components/_images/gallery/gallery02a704.html]
[r.mobirisesite.com/app/themes/startm5/components/_images/gallery/gallery01a704.html]
[r.mobirisesite.com/app/themes/startm5/components/_images/gallery/gallery04a704.html]
[r.mobirisesite.com/app/themes/startm5/components/_images/gallery/gallery05a704.html]
[r.mobirisesite.com/app/themes/startm5/components/_images/gallery/gallery07a704.html]
[r.mobirisesite.com/718031/assets/mbr-switch-arrow/mbr-switch-arrowa704.js]
